// Jest Snapshot v1, https://goo.gl/fbAQLP

exports[`Game Componnent render correctly 1`] = `
<div>
  <div
    className="game"
  >
    <div
      className="row"
    >
      <div
        className="column"
      >
        <div
          className="left-side"
        >
          <span>
            Good luck 
            name
            !
          </span>
           
          <br />
          <div
            className="instructions"
          >
            Pick up the right cards
          </div>
        </div>
      </div>
      <div
        className="column"
      >
        <div
          className="right-side"
        >
          <span
            className="score"
          >
            <svg
              aria-hidden="true"
              className="svg-inline--fa fa-clock fa-w-16 clock-icon"
              data-icon="clock"
              data-prefix="far"
              focusable="false"
              role="img"
              style={Object {}}
              viewBox="0 0 512 512"
              xmlns="http://www.w3.org/2000/svg"
            >
              <path
                d="M256 8C119 8 8 119 8 256s111 248 248 248 248-111 248-248S393 8 256 8zm0 448c-110.5 0-200-89.5-200-200S145.5 56 256 56s200 89.5 200 200-89.5 200-200 200zm61.8-104.4l-84.9-61.7c-3.1-2.3-4.9-5.9-4.9-9.7V116c0-6.6 5.4-12 12-12h32c6.6 0 12 5.4 12 12v141.7l66.8 48.6c5.4 3.9 6.5 11.4 2.6 16.8L334.6 349c-3.9 5.3-11.4 6.5-16.8 2.6z"
                fill="currentColor"
                style={Object {}}
              />
            </svg>
            Your score: 
            0
             seconds
          </span>
          <br />
          <div
            className="instructions"
          >
            The faster the better!
          </div>
        </div>
      </div>
    </div>
    <div
      className="row"
    >
      <div
        id="drag2"
        onDragOver={[Function]}
        onDrop={[Function]}
        style={
          Object {
            "background": "white",
            "border": "solid #7A7A7A 2px",
            "borderRadius": "28px",
            "flex": "50%",
            "float": "left",
            "height": "150px",
            "margin": "20px",
            "position": "relative",
            "width": "150px",
          }
        }
      >
        <div
          draggable="true"
          id="item2"
          onDragOver={[Function]}
          onDragStart={[Function]}
        >
          <div
            className="sc-AykKC gHzgee"
          >
            <img
              className="img-c"
              id="item2"
              onDragStart={[Function]}
              src={
                Object {
                  "ReactComponent": Object {
                    "$$typeof": Symbol(react.forward_ref),
                    "render": [Function],
                  },
                  "__esModule": true,
                  "default": "zoovu-o.svg",
                }
              }
            />
          </div>
        </div>
      </div>
      <div
        id="drag4"
        onDragOver={[Function]}
        onDrop={[Function]}
        style={
          Object {
            "background": "white",
            "border": "solid #7A7A7A 2px",
            "borderRadius": "28px",
            "flex": "50%",
            "float": "left",
            "height": "150px",
            "margin": "20px",
            "position": "relative",
            "width": "150px",
          }
        }
      >
        <div
          draggable="true"
          id="item4"
          onDragOver={[Function]}
          onDragStart={[Function]}
        >
          <div
            className="sc-AykKC gHzgee"
          >
            <img
              className="img-c"
              id="item4"
              onDragStart={[Function]}
              src={
                Object {
                  "ReactComponent": Object {
                    "$$typeof": Symbol(react.forward_ref),
                    "render": [Function],
                  },
                  "__esModule": true,
                  "default": "zoovu-v.svg",
                }
              }
            />
          </div>
        </div>
      </div>
      <div
        id="drag3"
        onDragOver={[Function]}
        onDrop={[Function]}
        style={
          Object {
            "background": "white",
            "border": "solid #7A7A7A 2px",
            "borderRadius": "28px",
            "flex": "50%",
            "float": "left",
            "height": "150px",
            "margin": "20px",
            "position": "relative",
            "width": "150px",
          }
        }
      >
        <div
          draggable="true"
          id="item3"
          onDragOver={[Function]}
          onDragStart={[Function]}
        >
          <div
            className="sc-AykKC gHzgee"
          >
            <img
              className="img-c"
              id="item3"
              onDragStart={[Function]}
              src={
                Object {
                  "ReactComponent": Object {
                    "$$typeof": Symbol(react.forward_ref),
                    "render": [Function],
                  },
                  "__esModule": true,
                  "default": "zoovu-o.svg",
                }
              }
            />
          </div>
        </div>
      </div>
      <div
        id="drag1"
        onDragOver={[Function]}
        onDrop={[Function]}
        style={
          Object {
            "background": "white",
            "border": "solid #7A7A7A 2px",
            "borderRadius": "28px",
            "flex": "50%",
            "float": "left",
            "height": "150px",
            "margin": "20px",
            "position": "relative",
            "width": "150px",
          }
        }
      >
        <div
          draggable="true"
          id="item1"
          onDragOver={[Function]}
          onDragStart={[Function]}
        >
          <div
            className="sc-AykKC gHzgee"
          >
            <img
              className="img-c"
              id="item1"
              onDragStart={[Function]}
              src={
                Object {
                  "ReactComponent": Object {
                    "$$typeof": Symbol(react.forward_ref),
                    "render": [Function],
                  },
                  "__esModule": true,
                  "default": "zoovu-z.svg",
                }
              }
            />
          </div>
        </div>
      </div>
      <div
        id="drag5"
        onDragOver={[Function]}
        onDrop={[Function]}
        style={
          Object {
            "background": "white",
            "border": "solid #7A7A7A 2px",
            "borderRadius": "28px",
            "flex": "50%",
            "float": "left",
            "height": "150px",
            "margin": "20px",
            "position": "relative",
            "width": "150px",
          }
        }
      >
        <div
          draggable="true"
          id="item5"
          onDragOver={[Function]}
          onDragStart={[Function]}
        >
          <div
            className="sc-AykKC gHzgee"
          >
            <img
              className="img-c"
              id="item5"
              onDragStart={[Function]}
              src={
                Object {
                  "ReactComponent": Object {
                    "$$typeof": Symbol(react.forward_ref),
                    "render": [Function],
                  },
                  "__esModule": true,
                  "default": "zoovu-u.svg",
                }
              }
            />
          </div>
        </div>
      </div>
    </div>
    <div
      className="row"
    >
      <div
        className="instruction"
      >
        <span>
          ...and drop them here to make the logo great again!
        </span>
      </div>
    </div>
    <div
      className="row"
    >
      <div
        className="inputs"
      >
        <div
          id="drop1"
          onDragOver={[Function]}
          onDrop={[Function]}
          style={
            Object {
              "background": "#EAEAEA",
              "border": "green dashed 2px",
              "borderRadius": "28px",
              "flex": "50%",
              "float": "left",
              "height": "150px",
              "margin": "20px",
              "position": "relative",
              "width": "150px",
            }
          }
        />
        <div
          id="drop2"
          onDragOver={[Function]}
          onDrop={[Function]}
          style={
            Object {
              "background": "#EAEAEA",
              "border": "green dashed 2px",
              "borderRadius": "28px",
              "flex": "50%",
              "float": "left",
              "height": "150px",
              "margin": "20px",
              "position": "relative",
              "width": "150px",
            }
          }
        />
        <div
          id="drop3"
          onDragOver={[Function]}
          onDrop={[Function]}
          style={
            Object {
              "background": "#EAEAEA",
              "border": "green dashed 2px",
              "borderRadius": "28px",
              "flex": "50%",
              "float": "left",
              "height": "150px",
              "margin": "20px",
              "position": "relative",
              "width": "150px",
            }
          }
        />
        <div
          id="drop4"
          onDragOver={[Function]}
          onDrop={[Function]}
          style={
            Object {
              "background": "#EAEAEA",
              "border": "green dashed 2px",
              "borderRadius": "28px",
              "flex": "50%",
              "float": "left",
              "height": "150px",
              "margin": "20px",
              "position": "relative",
              "width": "150px",
            }
          }
        />
        <div
          id="drop5"
          onDragOver={[Function]}
          onDrop={[Function]}
          style={
            Object {
              "background": "#EAEAEA",
              "border": "green dashed 2px",
              "borderRadius": "28px",
              "flex": "50%",
              "float": "left",
              "height": "150px",
              "margin": "20px",
              "position": "relative",
              "width": "150px",
            }
          }
        />
      </div>
    </div>
  </div>
</div>
`;
